**********************
Windows PowerShell transcript start
Start time: 20240716115301
Username: NICEDEN\kgupta
RunAs User: NICEDEN\kgupta
Configuration Name: 
Machine: NEW8084-G8 (Microsoft Windows NT 10.0.22631.0)
Host Application: C:\Windows\System32\WindowsPowerShell\v1.0\powershell.exe
Process ID: 49312
PSVersion: 5.1.22621.3672
PSEdition: Desktop
PSCompatibleVersions: 1.0, 2.0, 3.0, 4.0, 5.0, 5.1.22621.3672
BuildVersion: 10.0.22621.3672
CLRVersion: 4.0.30319.42000
WSManStackVersion: 3.0
PSRemotingProtocolVersion: 2.3
SerializationVersion: 1.1.0.1
**********************
Transcript started, output file is Assignemt0001.txt
PS C:\AutomationTraining\QA-Training\playwright-specflow-nice0724> git status
On branch Khushbu-branch
Your branch is up to date with 'origin/Khushbu-branch'.

Untracked files:
  (use "git add <file>..." to include in what will be committed)
        Assignemt0001.txt
        Assignemt001.tx
        Assignemt001.txt
        Assignemt1.txt

nothing added to commit but untracked files present (use "git add" to track)
PS C:\AutomationTraining\QA-Training\playwright-specflow-nice0724> git fetch origin

PS C:\AutomationTraining\QA-Training\playwright-specflow-nice0724> git fetch -all
error: did you mean `--all` (with two dashes)?
PS C:\AutomationTraining\QA-Training\playwright-specflow-nice0724> git fetch --all

PS C:\AutomationTraining\QA-Training\playwright-specflow-nice0724> ls


    Directory: C:\AutomationTraining\QA-Training\playwright-specflow-nice0724


Mode                 LastWriteTime         Length Name
----                 -------------         ------ ----
-a----         7/16/2024  11:48 AM           7258 .gitignore
-a----         7/16/2024  11:53 AM           1086 Assignemt0001.txt
-a----         7/16/2024  11:37 AM           2705 Assignemt001.tx
-a----         7/16/2024  11:37 AM           2545 Assignemt001.txt
-a----         7/16/2024  10:26 AM           3442 Assignemt1.log
-a----         7/16/2024  11:03 AM           9673 Assignemt1.txt
-a----         7/16/2024  10:17 AM           2878 KGNewfile.log
-a----         7/15/2024  11:43 AM            844 khushbu1.log
-a----         7/16/2024  11:48 AM              0 KhushbuLog1.txt.txt
-a----         7/16/2024  11:09 AM             77 README.md


PS C:\AutomationTraining\QA-Training\playwright-specflow-nice0724> git checkout main
error: The following untracked working tree files would be overwritten by checkout:
        Assignemt1.txt
Please move or remove them before you switch branches.
Aborting
PS C:\AutomationTraining\QA-Training\playwright-specflow-nice0724> ls


    Directory: C:\AutomationTraining\QA-Training\playwright-specflow-nice0724


Mode                 LastWriteTime         Length Name
----                 -------------         ------ ----
-a----         7/16/2024  11:48 AM           7258 .gitignore
-a----         7/16/2024  11:53 AM           1086 Assignemt0001.txt
-a----         7/16/2024  11:37 AM           2705 Assignemt001.tx
-a----         7/16/2024  11:37 AM           2545 Assignemt001.txt
-a----         7/16/2024  10:26 AM           3442 Assignemt1.log
-a----         7/16/2024  11:03 AM           9673 Assignemt1.txt
-a----         7/16/2024  10:17 AM           2878 KGNewfile.log
-a----         7/15/2024  11:43 AM            844 khushbu1.log
-a----         7/16/2024  11:48 AM              0 KhushbuLog1.txt.txt
-a----         7/16/2024  11:09 AM             77 README.md


PS C:\AutomationTraining\QA-Training\playwright-specflow-nice0724> git pull
Already up to date.
PS C:\AutomationTraining\QA-Training\playwright-specflow-nice0724> git checkout main
error: The following untracked working tree files would be overwritten by checkout:
        Assignemt1.txt
Please move or remove them before you switch branches.
Aborting
PS C:\AutomationTraining\QA-Training\playwright-specflow-nice0724> git checkout main
error: The following untracked working tree files would be overwritten by checkout:
        Assignemt1.txt
Please move or remove them before you switch branches.
Aborting
PS C:\AutomationTraining\QA-Training\playwright-specflow-nice0724> git status
On branch Khushbu-branch
Your branch is up to date with 'origin/Khushbu-branch'.

Untracked files:
  (use "git add <file>..." to include in what will be committed)
        Assignemt0001.txt
        Assignemt001.tx
        Assignemt001.txt
        Assignemt1.txt

nothing added to commit but untracked files present (use "git add" to track)
PS C:\AutomationTraining\QA-Training\playwright-specflow-nice0724> git checkout main
error: The following untracked working tree files would be overwritten by checkout:
        Assignemt1.txt
Please move or remove them before you switch branches.
Aborting
PS C:\AutomationTraining\QA-Training\playwright-specflow-nice0724> git fetch --all

PS C:\AutomationTraining\QA-Training\playwright-specflow-nice0724> git status
On branch Khushbu-branch
Your branch is up to date with 'origin/Khushbu-branch'.

Untracked files:
  (use "git add <file>..." to include in what will be committed)
        Assignemt0001.txt
        Assignemt001.tx
        Assignemt001.txt
        Assignemt1.txt

nothing added to commit but untracked files present (use "git add" to track)
PS C:\AutomationTraining\QA-Training\playwright-specflow-nice0724> git checkout main
error: The following untracked working tree files would be overwritten by checkout:
        Assignemt1.txt
Please move or remove them before you switch branches.
Aborting
PS C:\AutomationTraining\QA-Training\playwright-specflow-nice0724> git add .

PS C:\AutomationTraining\QA-Training\playwright-specflow-nice0724> git checkout main
A       Assignemt0001.txt
A       Assignemt001.tx
Switched to branch 'main'
Your branch is up to date with 'origin/main'.
PS C:\AutomationTraining\QA-Training\playwright-specflow-nice0724> git fetch --all

PS C:\AutomationTraining\QA-Training\playwright-specflow-nice0724> ls


    Directory: C:\AutomationTraining\QA-Training\playwright-specflow-nice0724


Mode                 LastWriteTime         Length Name
----                 -------------         ------ ----
d-----         7/16/2024  12:02 PM                usingcommandline
-a----         7/16/2024  12:02 PM           7265 .gitignore
-a----         7/16/2024  12:02 PM           5685 Assignemt0001.txt
-a----         7/16/2024  11:37 AM           2705 Assignemt001.tx
-a----         7/16/2024  12:02 PM            654 Assignemt01.txt
-a----         7/16/2024  11:03 AM          10740 Assignemt1.log
-a----         7/16/2024  11:03 AM           9673 Assignemt1.txt
-a----         7/16/2024  10:17 AM           2878 KGNewfile.log
-a----         7/15/2024  11:43 AM            844 khushbu1.log
-a----         7/16/2024  11:09 AM             77 README.md
-a----         7/16/2024  12:02 PM           3216 suresh.txt


PS C:\AutomationTraining\QA-Training\playwright-specflow-nice0724> git checkout Khushbu-branch
Unlink of file 'Assignemt1.txt' failed. Should I try again? (y/n) y
Unlink of file 'Assignemt1.txt' failed. Should I try again? (y/n) y
Unlink of file 'Assignemt1.txt' failed. Should I try again? (y/n) n
warning: unable to unlink 'Assignemt1.txt': Invalid argument
Updating files: 100% (9/9), done.
A       Assignemt0001.txt
A       Assignemt001.tx
Switched to branch 'Khushbu-branch'
Your branch is up to date with 'origin/Khushbu-branch'.
PS C:\AutomationTraining\QA-Training\playwright-specflow-nice0724> git add .

PS C:\AutomationTraining\QA-Training\playwright-specflow-nice0724> git checkout main
A       Assignemt0001.txt
A       Assignemt001.tx
Switched to branch 'main'
Your branch is up to date with 'origin/main'.
PS C:\AutomationTraining\QA-Training\playwright-specflow-nice0724> git fetch --all

PS C:\AutomationTraining\QA-Training\playwright-specflow-nice0724> git fetch origin

PS C:\AutomationTraining\QA-Training\playwright-specflow-nice0724> git checkout Khushbu-Branch
Unlink of file 'Assignemt1.txt' failed. Should I try again? (y/n) n
warning: unable to unlink 'Assignemt1.txt': Invalid argument
Updating files: 100% (9/9), done.
A       Assignemt0001.txt
A       Assignemt001.tx
Switched to branch 'Khushbu-Branch'
