**********************
Windows PowerShell transcript start
Start time: 20240716110749
Username: NICEDEN\soshah
RunAs User: NICEDEN\soshah
Configuration Name: 
Machine: NEW10064-G8 (Microsoft Windows NT 10.0.22631.0)
Host Application: C:\Windows\System32\WindowsPowerShell\v1.0\powershell.exe
Process ID: 22240
PSVersion: 5.1.22621.3672
PSEdition: Desktop
PSCompatibleVersions: 1.0, 2.0, 3.0, 4.0, 5.0, 5.1.22621.3672
BuildVersion: 10.0.22621.3672
CLRVersion: 4.0.30319.42000
WSManStackVersion: 3.0
PSRemotingProtocolVersion: 2.3
SerializationVersion: 1.1.0.1
**********************
Transcript started, output file is Assingment_1
PS C:\Users\soshah\OneDrive - Nice Systems Ltd\Documents\AutomationTesting_Project_file__training\Nice taken training\playwright-specflow-nice0724> git checkout Sojwal-branch
M       .gitignore
A       Assignment1.txt
M       README.md
A       suresh.txt
A       usingcommandline/Calculator.cs
A       usingcommandline/HelloCSharp.cs
A       usingcommandline/HelloCSharp.exe
A       usingcommandline/suresh.exe
Already on 'Sojwal-branch'
Your branch is up to date with 'origin/Sojwal-branch'.
PS C:\Users\soshah\OneDrive - Nice Systems Ltd\Documents\AutomationTesting_Project_file__training\Nice taken training\playwright-specflow-nice0724> git merge
Already up to date.
PS C:\Users\soshah\OneDrive - Nice Systems Ltd\Documents\AutomationTesting_Project_file__training\Nice taken training\playwright-specflow-nice0724> git commit -m "update some changes"
[Sojwal-branch afe4795] update some changes
 Committer: Sojwal Shah <Sojwal.Shah@nice.com>
Your name and email address were configured automatically based
on your username and hostname. Please check that they are accurate.
You can suppress this message by setting them explicitly. Run the
following command and follow the instructions in your editor to edit
your configuration file:

    git config --global --edit

After doing this, you may fix the identity used for this commit with:

    git commit --amend --reset-author

 8 files changed, 353 insertions(+), 2 deletions(-)
 create mode 100644 Assignment1.txt
 create mode 100644 suresh.txt
 create mode 100644 usingcommandline/Calculator.cs
 create mode 100644 usingcommandline/HelloCSharp.cs
 create mode 100644 usingcommandline/HelloCSharp.exe
 create mode 100644 usingcommandline/suresh.exe
PS C:\Users\soshah\OneDrive - Nice Systems Ltd\Documents\AutomationTesting_Project_file__training\Nice taken training\playwright-specflow-nice0724> git status
On branch Sojwal-branch
Your branch is ahead of 'origin/Sojwal-branch' by 1 commit.
  (use "git push" to publish your local commits)

Changes not staged for commit:
  (use "git add <file>..." to update what will be committed)
  (use "git restore <file>..." to discard changes in working directory)
        modified:   usingcommandline/Calculator.cs
        modified:   usingcommandline/HelloCSharp.cs

Untracked files:
  (use "git add <file>..." to include in what will be committed)
        Assingment_1

no changes added to commit (use "git add" and/or "git commit -a")
PS C:\Users\soshah\OneDrive - Nice Systems Ltd\Documents\AutomationTesting_Project_file__training\Nice taken training\playwright-specflow-nice0724> git commit -m "update chnages"
On branch Sojwal-branch
Your branch is ahead of 'origin/Sojwal-branch' by 1 commit.
  (use "git push" to publish your local commits)

Changes not staged for commit:
  (use "git add <file>..." to update what will be committed)
  (use "git restore <file>..." to discard changes in working directory)
        modified:   usingcommandline/Calculator.cs
        modified:   usingcommandline/HelloCSharp.cs

Untracked files:
  (use "git add <file>..." to include in what will be committed)
        Assingment_1

no changes added to commit (use "git add" and/or "git commit -a")
