**********************
Windows PowerShell transcript start
Start time: 20240716100713
Username: NICEDEN\pawkumar
RunAs User: NICEDEN\pawkumar
Configuration Name: 
Machine: NEW9848-G8 (Microsoft Windows NT 10.0.22631.0)
Host Application: C:\Windows\System32\WindowsPowerShell\v1.0\powershell.exe
Process ID: 12584
PSVersion: 5.1.22621.3672
PSEdition: Desktop
PSCompatibleVersions: 1.0, 2.0, 3.0, 4.0, 5.0, 5.1.22621.3672
BuildVersion: 10.0.22621.3672
CLRVersion: 4.0.30319.42000
WSManStackVersion: 3.0
PSRemotingProtocolVersion: 2.3
SerializationVersion: 1.1.0.1
**********************
Transcript started, output file is Assignment1.txt
PS C:\AutomationTraining\QA-Training\playwright-specflow-nice0724> git status
On branch pawan-branch
Your branch is up to date with 'origin/pawan-branch'.

Untracked files:
  (use "git add <file>..." to include in what will be committed)
        Assignment1.txt

nothing added to commit but untracked files present (use "git add" to track)
PS C:\AutomationTraining\QA-Training\playwright-specflow-nice0724> git fetch origin
remote: Enumerating objects: 34, done.
remote: Counting objects: 100% (34/34), done.
remote: Compressing objects: 100% (25/25), done.
remote: Total 32 (delta 8), reused 27 (delta 6), pack-reused 0
Unpacking objects: 100% (32/32), 8.69 KiB | 41.00 KiB/s, done.
From https://github.com/sureshnanjan/playwright-specflow-nice0724
 * [new branch]      Khushbu-branch     -> origin/Khushbu-branch
 * [new branch]      Mayuri-branch      -> origin/Mayuri-branch
 * [new branch]      Shrikant-branch    -> origin/Shrikant-branch
 * [new branch]      Sojwal-branch      -> origin/Sojwal-branch
 * [new branch]      VaibhavAuto-branch -> origin/VaibhavAuto-branch
   b39b298..b9765da  main               -> origin/main
 * [new branch]      saket-branch       -> origin/saket-branch
 * [new branch]      suresh-trainer     -> origin/suresh-trainer
PS C:\AutomationTraining\QA-Training\playwright-specflow-nice0724> git checkout main
Switched to branch 'main'
Your branch is behind 'origin/main' by 7 commits, and can be fast-forwarded.
  (use "git pull" to update your local branch)
PS C:\AutomationTraining\QA-Training\playwright-specflow-nice0724> git fetch origin

PS C:\AutomationTraining\QA-Training\playwright-specflow-nice0724> git fetch origin main
From https://github.com/sureshnanjan/playwright-specflow-nice0724
 * branch            main       -> FETCH_HEAD
PS C:\AutomationTraining\QA-Training\playwright-specflow-nice0724> git checkout pawan-branch
Switched to branch 'pawan-branch'
Your branch is up to date with 'origin/pawan-branch'.
PS C:\AutomationTraining\QA-Training\playwright-specflow-nice0724> git checkout main
Switched to branch 'main'
Your branch is behind 'origin/main' by 7 commits, and can be fast-forwarded.
  (use "git pull" to update your local branch)
PS C:\AutomationTraining\QA-Training\playwright-specflow-nice0724> git fetch

PS C:\AutomationTraining\QA-Training\playwright-specflow-nice0724> git fetch origin

PS C:\AutomationTraining\QA-Training\playwright-specflow-nice0724> git status
On branch main
Your branch is behind 'origin/main' by 7 commits, and can be fast-forwarded.
  (use "git pull" to update your local branch)

Untracked files:
  (use "git add <file>..." to include in what will be committed)
        Assignment1.txt

nothing added to commit but untracked files present (use "git add" to track)
PS C:\AutomationTraining\QA-Training\playwright-specflow-nice0724> git pull
Updating b39b298..b9765da
Fast-forward
 .gitignore                       |   1 +
 suresh.txt                       |  79 +++++++++++++++++++++++++++++++++++++++
 usingcommandline/Calculator.cs   |  12 ++++++
 usingcommandline/HelloCSharp.cs  |  11 ++++++
 usingcommandline/HelloCSharp.exe | Bin 0 -> 3584 bytes
 usingcommandline/suresh.exe      | Bin 0 -> 3584 bytes
 6 files changed, 103 insertions(+)
 create mode 100644 suresh.txt
 create mode 100644 usingcommandline/Calculator.cs
 create mode 100644 usingcommandline/HelloCSharp.cs
 create mode 100644 usingcommandline/HelloCSharp.exe
 create mode 100644 usingcommandline/suresh.exe
PS C:\AutomationTraining\QA-Training\playwright-specflow-nice0724> git merge main
Already up to date.
PS C:\AutomationTraining\QA-Training\playwright-specflow-nice0724> git checkout pawan-branch
Switched to branch 'pawan-branch'
Your branch is up to date with 'origin/pawan-branch'.
